Godot Engine v4.7.2.stable.official.ed1daf0bf - https://godotengine.org

SCRIPT ERROR: Parse Error: Not all code paths return a value.
   at: GDScript::reload (res://scripts/levels/station_17.gd:127)
SCRIPT ERROR: Parse Error: A void function cannot return a value.
   at: GDScript::reload (res://scripts/levels/station_17.gd:258)
SCRIPT ERROR: Parse Error: A void function cannot return a value.
   at: GDScript::reload (res://scripts/levels/station_17.gd:267)
SCRIPT ERROR: Compile Error: Failed to compile depended scripts.
   at: GDScript::reload (res://tests/pkg_0165_smoke_test.gd:0)
ERROR: Failed to load script "res://tests/pkg_0165_smoke_test.gd" with error "Compilation failed".
   at: load (modules/gdscript/gdscript_resource_format.cpp:46)
PKG-0165 FAILURE: Scena station_17 musi instantować jako Station17
PKG-0165 FAILURE: Scena station_17 musi instantować jako Station17
PKG-0165 FAILURE: Scena station_17 musi instantować jako Station17
PKG-0165 FAILURE: Scena station_17 musi instantować jako Station17
PKG-0165 FAILURE: Scena station_17 musi instantować jako Station17
PKG-0165 FAILURE: Scena station_17 musi instantować jako Station17
PKG-0165 FAIL: 6 failure(s)
ERROR: 30 RID allocations of type 'P11GodotBody2D' were leaked at exit.
ERROR: 30 RID allocations of type 'P11GodotArea2D' were leaked at exit.
ERROR: 7 RID allocations of type 'P12GodotShape2D' were leaked at exit.
WARNING: 18 RIDs of type "Canvas" were leaked.
   at: _free_rids (servers/rendering/renderer_canvas_cull.cpp:2735)
WARNING: 174 RIDs of type "CanvasItem" were leaked.
   at: _free_rids (servers/rendering/renderer_canvas_cull.cpp:2735)
WARNING: 240 ObjectDB instances were leaked at exit (run with `--verbose` for details).
   at: cleanup (core/object/object.cpp:2536)
ERROR: 23 resources still in use at exit (run with --verbose for details).
   at: clear (core/io/resource.cpp:822)
